********************************************************************************
*                       GENERAL UTILITY LATTICE PROGRAM                        *
*                     Julian Gale, NRI, Curtin University                      *
*                                Version 1.3.2                                 *
********************************************************************************
*  optimise     - perform optimisation run                                     *
*  conp         - constant pressure calculation                                *
*  property     - calculate properties for final geometry                      *
*  phonon       - calculate phonons for final geometry                         *
*  eigenvectors - output phonon eigenvectors                                   *
*  torsion      - calculate torsion angles for valid four body terms           *
********************************************************************************

  Number of CPUs =     1


  Total number of configurations input =   1

********************************************************************************
*  Input for Configuration =   1                                               *
********************************************************************************

  Formula = FLi                                                         

  Number of irreducible atoms/shells =      3


  Total number atoms/shells =      3

  Dimensionality = 3


  Cartesian lattice vectors (Angstroms) :

        1.996000    1.996000    0.000000
        1.996000    0.000000    1.996000
        0.000000    1.996000    1.996000

  Cell parameters (Angstroms/Degrees):

  a =   2.8228    alpha =  60.0000
  b =   2.8228    beta  =  60.0000
  c =   2.8228    gamma =  60.0000

  Initial cell volume =     15.904192 Angs**3

  Shrinking factors =      2     2     2

  Temperature of configuration =      0.000 K 

  Pressure of configuration =         0.000 GPa 

  Fractional coordinates of asymmetric unit :

--------------------------------------------------------------------------------
   No.  Atomic       x           y          z         Charge      Occupancy
        Label      (Frac)      (Frac)     (Frac)        (e)         (Frac)  
--------------------------------------------------------------------------------
     1  F     c    0.000000    0.000000    0.000000    0.900000    1.000000    
     2  Li    c    0.500000 *  0.500000 *  0.500000 *  1.000000    1.000000    
     3  F     s    0.000000 *  0.000000 *  0.000000 * -1.900000    1.000000    
--------------------------------------------------------------------------------


  Brillouin zone sampling points :

--------------------------------------------------------------------------------
  Point number          x          y          z            Weight
--------------------------------------------------------------------------------
        1           0.250000   0.250000   0.250000         0.2500
        2           0.250000   0.250000   0.750000         0.2500
        3           0.250000   0.750000   0.250000         0.2500
        4           0.250000   0.750000   0.750000         0.2500
--------------------------------------------------------------------------------


********************************************************************************
*  General input information                                                   *
********************************************************************************

  Species output for all configurations : 

--------------------------------------------------------------------------------
  Species    Type    Atomic    Atomic    Charge      Radii (Angs)     Library
                     Number     Mass       (e)     Covalent  Ionic    Symbol 
--------------------------------------------------------------------------------
    F        Core        9      19.00     0.9000    0.710    0.000              
    F        Shell       9       0.00    -1.9000    0.710    0.000              
    Li       Core        3       6.94     1.0000    0.680    0.000              
--------------------------------------------------------------------------------


  Accuracy factor for lattice sums =  8.000

  Time limit = Infinity

  General interatomic potentials :

--------------------------------------------------------------------------------
Atom  Types   Potential         A         B         C         D     Cutoffs(Ang)
  1     2                                                            Min    Max 
--------------------------------------------------------------------------------
F    s F    s Buckingham     699.     0.253     4.10     0.00       0.000  5.000
Li   c F    s Buckingham     353.     0.282     0.00     0.00       0.000  5.000
Li   c Li   c Buckingham     914.     0.118     4.10     0.00       0.000  5.000
F    c F    s Spring (c-s)   100.      0.00     0.00     0.00       0.000  0.600
--------------------------------------------------------------------------------

********************************************************************************
*  Output for configuration   1                                                *
********************************************************************************


  Components of energy : 

--------------------------------------------------------------------------------
  Interatomic potentials     =           1.73532349 eV
  Monopole - monopole (real) =          -0.68732150 eV
  Monopole - monopole (recip)=         -11.92014741 eV
  Monopole - monopole (total)=         -12.60746891 eV
--------------------------------------------------------------------------------
  Total lattice energy       =         -10.87214543 eV
--------------------------------------------------------------------------------
  Total lattice energy       =           -1048.9958 kJ/(mole unit cells)
--------------------------------------------------------------------------------


  Number of variables =     12

  Maximum number of calculations  =        1000
  Maximum Hessian update interval =          10
  Maximum step size               =   1.0000000
  Maximum parameter tolerance     =   0.0000100
  Maximum function  tolerance     =   0.0000100
  Maximum gradient  tolerance     =   0.0000100

  Symmetry not applied to optimisation

  Newton-Raphson optimiser to be used

  BFGS hessian update to be used

  Start of bulk optimisation :

  Cycle:      0   Energy:     -10.872145  Gnorm:      0.006591  CPU:    0.000
  ** Hessian calculated **
  Cycle:      1   Energy:     -10.872282  Gnorm:      0.000008  CPU:    0.000


  **** Optimisation achieved ****


  Final energy =     -10.87228234
  Final Gnorm  =       0.00000771

  Components of energy : 

--------------------------------------------------------------------------------
  Interatomic potentials     =           1.70998603 eV
  Monopole - monopole (real) =          -0.68594765 eV
  Monopole - monopole (recip)=         -11.89632073 eV
  Monopole - monopole (total)=         -12.58226837 eV
--------------------------------------------------------------------------------
  Total lattice energy       =         -10.87228234 eV
--------------------------------------------------------------------------------
  Total lattice energy       =           -1049.0090 kJ/(mole unit cells)
--------------------------------------------------------------------------------

  Final fractional coordinates of atoms :

--------------------------------------------------------------------------------
   No.  Atomic        x           y          z          Radius
        Label       (Frac)      (Frac)     (Frac)       (Angs) 
--------------------------------------------------------------------------------
     1  F     c     0.000000    0.000000    0.000000    0.000000
     2  Li    c     0.500000    0.500000    0.500000    0.000000
     3  F     s     1.000000    1.000000    1.000000    0.000000
--------------------------------------------------------------------------------

  Final cell parameters and derivatives :

--------------------------------------------------------------------------------
       a            2.828424 Angstrom     dE/de1(xx)    -0.000053 eV/strain
       b            2.828424 Angstrom     dE/de2(yy)    -0.000053 eV/strain
       c            2.828424 Angstrom     dE/de3(zz)    -0.000053 eV/strain
       alpha       60.000000 Degrees      dE/de4(yz)     0.000000 eV/strain
       beta        60.000000 Degrees      dE/de5(xz)     0.000000 eV/strain
       gamma       60.000000 Degrees      dE/de6(xy)     0.000000 eV/strain
--------------------------------------------------------------------------------

  Primitive cell volume =     15.999945 Angs**3

  Density of cell =      2.692201 g/cm**3

  Non-primitive cell volume =     15.999945 Angs**3


  Final internal derivatives :

--------------------------------------------------------------------------------
   No.  Atomic          x             y             z           Radius
        Label          (eV)          (eV)          (eV)        (eV/Angs)
--------------------------------------------------------------------------------
     1  F     c       0.000000      0.000000      0.000000      0.000000
     2  Li    c       0.000000      0.000000      0.000000      0.000000
     3  F     s       0.000000      0.000000      0.000000      0.000000
--------------------------------------------------------------------------------



  Elastic Constant Matrix: (Units=10**11 Dyne/cm**2= 10 GPa)

-------------------------------------------------------------------------------
  Indices      1         2         3         4         5         6    
-------------------------------------------------------------------------------
       1    11.63030   5.52686   5.52686   0.00000   0.00000   0.00000
       2     5.52686  11.63030   5.52686   0.00000   0.00000   0.00000
       3     5.52686   5.52686  11.63030   0.00000   0.00000   0.00000
       4     0.00000   0.00000   0.00000   5.52681   0.00000   0.00000
       5     0.00000   0.00000   0.00000   0.00000   5.52681   0.00000
       6     0.00000   0.00000   0.00000   0.00000   0.00000   5.52681
-------------------------------------------------------------------------------

  Bulk Modulus (GPa) =   75.61339


  Stress axis :                  x             y             z
-------------------------------------------------------------------------------
  Youngs Modulii (GPa) =      80.69549      80.69549      80.69549
-------------------------------------------------------------------------------
  Poissons Ratio (x)   =                     0.32213       0.32213
  Poissons Ratio (y)   =       0.32213                     0.32213
  Poissons Ratio (z)   =       0.32213       0.32213
-------------------------------------------------------------------------------


  Piezoelectric Strain Matrix: (Units= C/m**2)

-------------------------------------------------------------------------------
  Indices      1         2         3         4         5         6    
-------------------------------------------------------------------------------
       x     0.00000   0.00000   0.00000   0.00000   0.00000   0.00000
       y     0.00000   0.00000   0.00000   0.00000   0.00000   0.00000
       z     0.00000   0.00000   0.00000   0.00000   0.00000   0.00000
-------------------------------------------------------------------------------


  Piezoelectric Stress Matrix: (Units=10**-10 C/N)

-------------------------------------------------------------------------------
  Indices      1         2         3         4         5         6    
-------------------------------------------------------------------------------
       x     0.00000   0.00000   0.00000   0.00000   0.00000   0.00000
       y     0.00000   0.00000   0.00000   0.00000   0.00000   0.00000
       z     0.00000   0.00000   0.00000   0.00000   0.00000   0.00000
-------------------------------------------------------------------------------


  Static dielectric constant tensor : 

-------------------------------------------------------------------------------
              x         y         z
-------------------------------------------------------------------------------
       x     9.52405   0.00000   0.00000
       y     0.00000   9.52405   0.00000
       z     0.00000   0.00000   9.52405
--------------------------------------------------------------------------------

  High frequency dielectric constant tensor : 

-------------------------------------------------------------------------------
              x         y         z
-------------------------------------------------------------------------------
       x     1.44434   0.00000   0.00000
       y     0.00000   1.44434   0.00000
       z     0.00000   0.00000   1.44434
-------------------------------------------------------------------------------

  Static refractive indices : 

-------------------------------------------------------------------------------
    1 =    3.08611      2 =    3.08611      3 =    3.08611
-------------------------------------------------------------------------------

  High frequency refractive indices : 

-------------------------------------------------------------------------------
    1 =    1.20181      2 =    1.20181      3 =    1.20181
-------------------------------------------------------------------------------


  Phonon Calculation : 

  Number of k points for this configuration =    4

--------------------------------------------------------------------------------
  K point   1 =   0.250000  0.250000  0.250000  Weight =    0.250
--------------------------------------------------------------------------------

 Frequencies (cm-1) and Eigenvectors : 

 Frequency     124.0605            124.0605            252.7032
 IR Intensity    0.0026              0.0026              0.0021
 Raman Intsty    0.0000              0.0000              0.0000

                Real    Imaginary   Real    Imaginary   Real    Imaginary

     1 x       0.742852  0.000000  0.000000  0.000000  0.522053  0.000000
     1 y      -0.371426  0.000000 -0.643328  0.000000  0.522053  0.000000
     1 z      -0.371426  0.000000  0.643328  0.000000  0.522053  0.000000
     2 x       0.338878  0.000000  0.000000  0.000000  0.246565  0.000000
     2 y      -0.169439  0.000000 -0.293477  0.000000  0.246565  0.000000
     2 z      -0.169439  0.000000  0.293477  0.000000  0.246565  0.000000


 Frequency     283.6927            283.6927            705.4724
 IR Intensity    0.1941              0.1941              0.1947
 Raman Intsty    0.0000              0.0000              0.0000

                Real    Imaginary   Real    Imaginary   Real    Imaginary

     1 x       0.338878  0.000000  0.000000  0.000000 -0.246565  0.000000
     1 y      -0.169439  0.000000  0.293477  0.000000 -0.246565  0.000000
     1 z      -0.169439  0.000000 -0.293477  0.000000 -0.246565  0.000000
     2 x      -0.742852  0.000000  0.000000  0.000000  0.522053  0.000000
     2 y       0.371426  0.000000 -0.643328  0.000000  0.522053  0.000000
     2 z       0.371426  0.000000  0.643328  0.000000  0.522053  0.000000




--------------------------------------------------------------------------------
  K point   2 =   0.250000  0.250000  0.750000  Weight =    0.250
--------------------------------------------------------------------------------

 Frequencies (cm-1) and Eigenvectors : 

 Frequency     200.2368            243.2211            315.5506
 IR Intensity    0.0880              0.0662              0.1087
 Raman Intsty    0.0000              0.0000              0.0000

                Real    Imaginary   Real    Imaginary   Real    Imaginary

     1 x       0.000000  0.000000 -0.634813  0.000000  0.000000  0.000000
     1 y       0.694501  0.000000 -0.538774  0.000000  0.132923  0.000000
     1 z      -0.694501  0.000000 -0.538774  0.000000 -0.132923  0.000000
     2 x       0.000000  0.000000  0.127414  0.000000  0.000000  0.000000
     2 y      -0.132923  0.000000 -0.010531  0.000000  0.694501  0.000000
     2 z       0.132923  0.000000 -0.010531  0.000000 -0.694501  0.000000


 Frequency     320.9940            375.2678            567.0024
 IR Intensity    0.0982              0.1318              0.0972
 Raman Intsty    0.0000              0.0000              0.0000

                Real    Imaginary   Real    Imaginary   Real    Imaginary

     1 x      -0.667813  0.000000 -0.296264  0.000000 -0.251525  0.000000
     1 y       0.437432  0.000000  0.126019  0.000000  0.049950  0.000000
     1 z       0.437432  0.000000  0.126019  0.000000  0.049950  0.000000
     2 x       0.388759  0.000000 -0.502911  0.000000 -0.761389  0.000000
     2 y       0.100497  0.000000 -0.560155  0.000000  0.419543  0.000000
     2 z       0.100497  0.000000 -0.560155  0.000000  0.419543  0.000000




--------------------------------------------------------------------------------
  K point   3 =   0.250000  0.750000  0.250000  Weight =    0.250
--------------------------------------------------------------------------------

 Frequencies (cm-1) and Eigenvectors : 

 Frequency     200.2368            243.2211            315.5506
 IR Intensity    0.0880              0.0662              0.1087
 Raman Intsty    0.0000              0.0000              0.0000

                Real    Imaginary   Real    Imaginary   Real    Imaginary

     1 x       0.694501  0.000000 -0.538774  0.000000  0.132923  0.000000
     1 y       0.000000  0.000000 -0.634813  0.000000  0.000000  0.000000
     1 z      -0.694501  0.000000 -0.538774  0.000000 -0.132923  0.000000
     2 x      -0.132923  0.000000 -0.010531  0.000000  0.694501  0.000000
     2 y       0.000000  0.000000  0.127414  0.000000  0.000000  0.000000
     2 z       0.132923  0.000000 -0.010531  0.000000 -0.694501  0.000000


 Frequency     320.9940            375.2678            567.0024
 IR Intensity    0.0982              0.1318              0.0972
 Raman Intsty    0.0000              0.0000              0.0000

                Real    Imaginary   Real    Imaginary   Real    Imaginary

     1 x       0.437432  0.000000  0.126019  0.000000  0.049950  0.000000
     1 y      -0.667813  0.000000 -0.296264  0.000000 -0.251525  0.000000
     1 z       0.437432  0.000000  0.126019  0.000000  0.049950  0.000000
     2 x       0.100497  0.000000 -0.560155  0.000000  0.419543  0.000000
     2 y       0.388759  0.000000 -0.502911  0.000000 -0.761389  0.000000
     2 z       0.100497  0.000000 -0.560155  0.000000  0.419543  0.000000




--------------------------------------------------------------------------------
  K point   4 =   0.250000  0.750000  0.750000  Weight =    0.250
--------------------------------------------------------------------------------

 Frequencies (cm-1) and Eigenvectors : 

 Frequency     200.2368            243.2211            315.5506
 IR Intensity    0.0237              0.0420              0.1730
 Raman Intsty    0.0000              0.0000              0.0000

                Real    Imaginary   Real    Imaginary   Real    Imaginary

     1 x       0.694501  0.000000  0.538774  0.000000 -0.132923  0.000000
     1 y      -0.694501  0.000000  0.538774  0.000000  0.132923  0.000000
     1 z       0.000000  0.000000  0.634813  0.000000  0.000000  0.000000
     2 x       0.132923  0.000000 -0.010531  0.000000  0.694501  0.000000
     2 y      -0.132923  0.000000 -0.010531  0.000000 -0.694501  0.000000
     2 z       0.000000  0.000000  0.127414  0.000000  0.000000  0.000000


 Frequency     320.9940            375.2678            567.0024
 IR Intensity    0.0384              0.1345              0.1785
 Raman Intsty    0.0000              0.0000              0.0000

                Real    Imaginary   Real    Imaginary   Real    Imaginary

     1 x       0.437432  0.000000 -0.126019  0.000000  0.049950  0.000000
     1 y       0.437431  0.000000 -0.126019  0.000000  0.049950  0.000000
     1 z      -0.667813  0.000000  0.296264  0.000000 -0.251525  0.000000
     2 x      -0.100497  0.000000 -0.560155  0.000000 -0.419543  0.000000
     2 y      -0.100497  0.000000 -0.560155  0.000000 -0.419543  0.000000
     2 z      -0.388759  0.000000 -0.502911  0.000000  0.761389  0.000000




--------------------------------------------------------------------------------
  Phonon properties (per mole of unit cells): Temperature =      0.000 K
--------------------------------------------------------------------------------
  Zero point energy            =        0.121513 eV
--------------------------------------------------------------------------------

  Phonon density of states : 

--------------------------------------------------------------------------------
 Frequency     Density of States                                                
--------------------------------------------------------------------------------
    0.00000 |                                                              0.000
   12.00000 |                                                              0.000
   24.00000 |                                                              0.000
   36.00000 |                                                              0.000
   48.00000 |                                                              0.000
   60.00000 |                                                              0.000
   72.00000 |                                                              0.000
   84.00000 |                                                              0.000
   96.00000 |                                                              0.000
  108.00000 |                                                              0.000
  120.00000 |********************                                          0.083
  132.00000 |                                                              0.000
  144.00000 |                                                              0.000
  156.00000 |                                                              0.000
  168.00000 |                                                              0.000
  180.00000 |                                                              0.000
  192.00000 |******************************                                0.125
  204.00000 |                                                              0.000
  216.00000 |                                                              0.000
  228.00000 |                                                              0.000
  240.00000 |******************************                                0.125
  252.00000 |**********                                                    0.042
  264.00000 |                                                              0.000
  276.00000 |********************                                          0.083
  288.00000 |                                                              0.000
  300.00000 |                                                              0.000
  312.00000 |************************************************************  0.250
  324.00000 |                                                              0.000
  336.00000 |                                                              0.000
  348.00000 |                                                              0.000
  360.00000 |                                                              0.000
  372.00000 |******************************                                0.125
  384.00000 |                                                              0.000
  396.00000 |                                                              0.000
  408.00000 |                                                              0.000
  420.00000 |                                                              0.000
  432.00000 |                                                              0.000
  444.00000 |                                                              0.000
  456.00000 |                                                              0.000
  468.00000 |                                                              0.000
  480.00000 |                                                              0.000
  492.00000 |                                                              0.000
  504.00000 |                                                              0.000
  516.00000 |                                                              0.000
  528.00000 |                                                              0.000
  540.00000 |                                                              0.000
  552.00000 |                                                              0.000
  564.00000 |******************************                                0.125
  576.00000 |                                                              0.000
  588.00000 |                                                              0.000
  600.00000 |                                                              0.000
  612.00000 |                                                              0.000
  624.00000 |                                                              0.000
  636.00000 |                                                              0.000
  648.00000 |                                                              0.000
  660.00000 |                                                              0.000
  672.00000 |                                                              0.000
  684.00000 |                                                              0.000
  696.00000 |**********                                                    0.042
  708.00000 |                                                              0.000
  720.00000 |                                                              0.000
  732.00000 |                                                              0.000
  744.00000 |                                                              0.000
  756.00000 |                                                              0.000
--------------------------------------------------------------------------------



  Time to end of optimisation =       0.0000 seconds


  Timing analysis for Gulp :

--------------------------------------------------------------------------------
      Task / Subroutine                                          Time (Seconds)
--------------------------------------------------------------------------------
--------------------------------------------------------------------------------
      Total CPU time                                              0.0000
--------------------------------------------------------------------------------




